
================================================================================================
S1604 -- the map of state TYPES (K_J cap Gamma per stratum)
================================================================================================
  ★no row of the map is crowned; the order-3 marker is a NEUTRAL question to the
   composition (A4/tetrahedron not hinted); element orders are MEASURED, not from |lambda|.

================================================================================================
M-P0 -- controls: Gamma = G(Z) finite candidate pools
================================================================================================
  W-side (signed-perm eta-isometries): 96 total , of them in SO+ : 24
     worst |g^T eta g - eta| over the pool = 0.0e+00
  A-side (SL(2,Z) finite-order in [-1,1]): 12 , orders present = [1, 2, 3, 4, 6]
  negative world (time<->space swap): |g^T eta g - eta| = 2.0e+00  (not an isometry)
  ✓ T1/M-P0: every W-candidate is a genuine eta-isometry (the finite point-group pool is real)
       (tooth: said NO on «a signed perm mixing the time axis with a spatial one» ⟹ able to fail)

================================================================================================
M-P1 (LOAD-BEARING, a) -- strata of positive J by dim K_J: a SYMMETRY ladder
================================================================================================
  ★the metric is AVERAGED over a compact subgroup of G, forcing exactly that symmetry;
   a naive diagonal G_W is degenerate here (sign(G_W^-1 eta) sees only the sign pattern).
           adapted (isotropic W): dim K_J = 4 , compact = True (Killing max -4.00)
          SO(2)_W x SO(2)_A type: dim K_J = 2 , compact = True (Killing max -4.00)
                SO(2)_A-avg type: dim K_J = 2 , compact = True (Killing max -3.84)
           generic (non-product): dim K_J = 0 , compact = True
  ★30 random positive J: dim K_J values seen = [0] (max compact = 4)
  ==> strata FOUND by dim K_J: [0, 2, 4]  ⟨completeness NOT a theorem: 'found these,
      the rest of Siegel space not exhausted' -- norm S1595⟩
  ✓ T2/M-P1 (LOAD-BEARING, ON THE CRITERION): dim K_J MOVES across the ladder (>=3 on the adapted stratum, 0 on the generic) -- the stratification is real, not a blind constant
       (tooth: said NO on «a detector blind to the generic stratum (would read it >=3 too)» ⟹ able to fail)

================================================================================================
M-P2 (LOAD-BEARING, b) + M-P4 -- the finite group K_J cap Gamma per stratum (order, composition, order-3 marker)
================================================================================================
           adapted (isotropic W): |K_J cap Gamma| = 192 (effective mod +-I:  96) , order-hist {1: 1, 2: 39, 3: 8, 4: 88, 6: 24, 12: 32} , order-3 present: True
          SO(2)_W x SO(2)_A type: |K_J cap Gamma| =  32 (effective mod +-I:  16) , order-hist {1: 1, 2: 11, 4: 20} , order-3 present: False
                SO(2)_A-avg type: |K_J cap Gamma| =   4 (effective mod +-I:   2) , order-hist {1: 1, 2: 1, 4: 2} , order-3 present: False
           generic (non-product): |K_J cap Gamma| =   2 (effective mod +-I:   1) , order-hist {1: 1, 2: 1} , order-3 present: False
  ✓ T3/M-P2 (LOAD-BEARING): the EFFECTIVE K_J cap Gamma (mod +-I) is nontrivial on the adapted stratum -- finite point groups are BORN as compact cap discrete, without choosing a point
       (tooth: said NO on «the generic stratum, whose effective group is the trivial kernel (=1)» ⟹ able to fail)
  ✓ T5/M-P4 (order MEASURED, S1598): the adapted stratum's K_J cap Gamma contains an element of measured order 3 (the tetrahedral marker -- reported, not crowned, not hinted)
       (tooth: said NO on «the SO(2)xSO(2) stratum, whose group has NO order-3 element» ⟹ able to fail)

================================================================================================
T6 -- finiteness: the infinite-order hyperbolic P of Gamma is EXCLUDED from K_J cap Gamma
================================================================================================
  P (integer hyperbolic, S1598): measured order = None , max|lambda| = 13.93
  P(x)I commutes with adapted J0 : False  (excluded => the intersection is FINITE)
  I(x)I commutes with adapted J0 : True  (the identity is always in)
  ✓ T6: the infinite-order hyperbolic P of Gamma does NOT lie in K_J cap Gamma (compact cap discrete genuinely CUTS the infinite Gamma down to a finite group)
       (tooth: said NO on «the identity I(x)I, which lies in every stabiliser» ⟹ able to fail)

================================================================================================
M-P3 (S1576) -- the A-modulus splits the stratum; composition is a TYPE invariant
================================================================================================
  adapted,        tau=i (Z/4): |K_J cap Gamma| = 192 , A-part (g=I) order-hist = {1: 1, 2: 1, 4: 2}
  adapted,      tau=rho (Z/6): |K_J cap Gamma| = 288 , A-part (g=I) order-hist = {1: 1, 2: 1, 3: 2, 6: 2}
  adapted,  tau=generic (Z/2): |K_J cap Gamma| =  96 , A-part (g=I) order-hist = {1: 1, 2: 1}
  ★representative invariance (two reps of isotropic/tau=i): same order-hist = True
     rep1 hist {1: 1, 2: 39, 3: 8, 4: 88, 6: 24, 12: 32}
     rep2 hist {1: 1, 2: 39, 3: 8, 4: 88, 6: 24, 12: 32}
  ✓ T4/M-P3 (S1576): the composition of K_J cap Gamma is a TYPE invariant -- two representatives of the same (W-stratum, A-type) give the SAME order-histogram
       (tooth: said NO on «a different A-type (tau=rho vs tau=i), whose composition MUST differ» ⟹ able to fail)

================================================================================================
M-P5 -- THE TYPE TABLE (output of the probe; NO row crowned)
================================================================================================
               stratum (dim K_J) | |K cap G| |  eff | order-3 | order-histogram
       adapted (isotropic W) (4) |       192 |   96 |    True | {1: 1, 2: 39, 3: 8, 4: 88, 6: 24, 12: 32}
      SO(2)_W x SO(2)_A type (2) |        32 |   16 |   False | {1: 1, 2: 11, 4: 20}
            SO(2)_A-avg type (2) |         4 |    2 |   False | {1: 1, 2: 1, 4: 2}
       generic (non-product) (0) |         2 |    1 |   False | {1: 1, 2: 1}
  A-modulus sub-types (isotropic W):
                     tau=i (Z/4) |       192 |  --  |    --   | A-part {1: 1, 2: 1, 4: 2}
                   tau=rho (Z/6) |       288 |  --  |    --   | A-part {1: 1, 2: 1, 3: 2, 6: 2}
               tau=generic (Z/2) |        96 |  --  |    --   | A-part {1: 1, 2: 1}
  ★realisability: every K_J cap Gamma above is a subgroup of the point group of Lambda=Z^4(x)Z^2
   BY CONSTRUCTION (Gamma = G(Z) of that lattice).  Whether each is the FULL point group of a
   dedicated state on some beta-integral Lambda is NOT measured here (address).  No row crowned.

================================================================================================
★DIVIDEND (mandatory) -- finite point groups DERIVED, not imported
================================================================================================
  every finite point group of the assembly = K_J cap Gamma = (compact stabiliser of
  positivity) cap (discrete arithmetic of integrality), taken PER STRATUM of J, with NO
  choice of a point.  the map of these groups = the assembly's 'crystal classes', DERIVED
  from the two compactifiers of S1602.  no new constant is spent.
  ★an order-3 (tetrahedral) composition appeared -- on the isotropic-W stratum (and the
   tau=rho A-sub-type) -- the FIRST MEASURED (not hinted) trace of the old assembly's
   four-leaf; 📖-rima TH-0005 (pure discrete label iff d3), cited NOT as a bridge-proof.

================================================================================================
VERDICT LINES (S1604) -- each gated on its own tooth (norm S1598)
================================================================================================
  M-P1 (a) STRATA   : dim K_J found [0, 2, 4]  ==> strata are REAL (dim moves 4..0), each compact
  M-P2 (b) K cap G  : adapted |192| vs generic |2|  ==> finite point groups BORN as compact cap discrete (nontrivial on symmetric strata)
  M-P4 order-3      : adapted has-3 True , axial has-3 False  ==> tetrahedral marker present on isotropic W (MEASURED, neutral, uncrowned)
  M-P3 (S1576)      : rep-invariant True , tau splits Z/4 {1: 1, 2: 1, 4: 2} vs Z/6 {1: 1, 2: 1, 3: 2, 6: 2}  ==> composition is a TYPE invariant; A-modulus splits the stratum further
  ==> MAP BUILT: dim-strata [0, 2, 4] (dim alone does NOT fix the type -- two dim-2
      types with |K cap G| 32 vs 4) x A-types {Z/2,Z/4,Z/6}; finite K_J cap Gamma per
      type; no row crowned; adaptedness is a STRATUM, not a selection.

SCORE [S1604 state_type_map]: 6 ✓ / 0 ✗ / 0 ☠ EMPTY
FAILS: 0
