==========================================================================
S1630 — genus of (3,1) class |det|<=8 via p-adic symbols; 11 SNF-buckets = ? genera
==========================================================================

-- K-0 control: I_{3,1} genus symbol --
   sig=(3, 1) det=-1  disc-q-multiset=() (empty => trivial disc => unique genus)

-- forms enumerated (sig (3,1), |det|<=8): 30740 --

   |det|   #SNF-buckets   #genera
      1         1             1
      2         1             1
      3         1             2
      4         2             4
      5         1             2
      6         1             2
      7         1             1
      8         3             6
   SUM         11            19   (TOTAL over det 1..8)

-- CONTROL: det 1 genera = 1 (expect 1) -> PASS

-- VERDICT --
   [OK] control det1=1 genus; genera counted per det above.
   11 SNF-buckets (S1605) vs genera: SUM SNF=11, SUM genera=19
   => genera > SNF-buckets  (buckets SPLIT into genera by disc-form)

[dump] .\S1630_genus_dump.jsonl
